// Jest Snapshot v1, https://goo.gl/fbAQLP

exports[`VendorProductCard should match the snapshot 1`] = `
<article
  className="product-card-article"
>
  <section
    className="product-card-section"
  >
    <p
      className="product-card-p"
    >
      plain ol dough
    </p>
    <p
      className="product-card-p"
    >
      $
      6
    </p>
  </section>
  <p
    className="product-card-description"
  >
    yummy food
  </p>
  <button
    className="delete-product-button"
    onClick={[Function]}
    type="button"
  >
    X
  </button>
</article>
`;
